[0m15:56:09.536826 [debug] [MainThread]: Sending event: {'category': 'dbt', 'action': 'invocation', 'label': 'start', 'context': [<snowplow_tracker.self_describing_json.SelfDescribingJson object at 0x000001DC6EF50EC0>, <snowplow_tracker.self_describing_json.SelfDescribingJson object at 0x000001DC6C884550>, <snowplow_tracker.self_describing_json.SelfDescribingJson object at 0x000001DC710D34D0>]}


============================== 15:56:09.551748 | 6d679164-7bb0-484b-8816-8f0cfc0818dc ==============================
[0m15:56:09.551748 [info ] [MainThread]: Running with dbt=1.11.8
[0m15:56:09.552623 [debug] [MainThread]: running dbt with arguments {'version_check': 'True', 'no_print': 'None', 'static_parser': 'True', 'target_path': 'None', 'warn_error_options': 'WarnErrorOptionsV2(error=[], warn=[], silence=[])', 'printer_width': '80', 'write_json': 'True', 'empty': 'None', 'log_cache_events': 'False', 'introspect': 'True', 'cache_selected_only': 'False', 'fail_fast': 'False', 'debug': 'False', 'log_format': 'default', 'profiles_dir': 'C:\\Users\\awang\\.dbt', 'send_anonymous_usage_stats': 'True', 'quiet': 'False', 'warn_error': 'None', 'partial_parse': 'True', 'invocation_command': 'dbt init', 'indirect_selection': 'eager', 'use_colors': 'True', 'use_experimental_parser': 'False', 'log_path': 'logs'}
[0m15:56:09.565489 [info ] [MainThread]: Creating dbt configuration folder at C:\Users\awang\.dbt
[0m15:56:25.535892 [debug] [MainThread]: Starter project path: C:\Users\awang\Documents\Analytic_project\olist_ecommerce\venv\Lib\site-packages\dbt\include\starter_project
[0m15:56:25.562710 [info ] [MainThread]: 
Your new dbt project "olist_ecommerce" was created!

For more information on how to configure the profiles.yml file,
please consult the dbt documentation here:

  https://docs.getdbt.com/docs/configure-your-profile

One more thing:

Need help? Don't hesitate to reach out to us via GitHub issues or on Slack:

  https://community.getdbt.com/

Happy modeling!

[0m15:56:25.563426 [info ] [MainThread]: Setting up your profile.
[0m15:57:41.438222 [debug] [MainThread]: Snowflake adapter: Setting snowflake.connector to ERROR (file logging only)
[0m15:57:41.438577 [debug] [MainThread]: Snowflake adapter: Setting botocore to ERROR (file logging only)
[0m15:57:41.438779 [debug] [MainThread]: Snowflake adapter: Setting boto3 to ERROR (file logging only)
[0m16:04:22.586416 [info ] [MainThread]: Profile olist_ecommerce written to C:\Users\awang\.dbt\profiles.yml using target's profile_template.yml and your supplied values. Run 'dbt debug' to validate the connection.
[0m16:04:22.587891 [debug] [MainThread]: Command `dbt init` succeeded at 16:04:22.587761 after 493.16 seconds
[0m16:04:22.588290 [debug] [MainThread]: Sending event: {'category': 'dbt', 'action': 'invocation', 'label': 'end', 'context': [<snowplow_tracker.self_describing_json.SelfDescribingJson object at 0x000001DC6ED09E00>, <snowplow_tracker.self_describing_json.SelfDescribingJson object at 0x000001DC713EE450>, <snowplow_tracker.self_describing_json.SelfDescribingJson object at 0x000001DC7121EE00>]}
[0m16:04:22.588632 [debug] [MainThread]: Flushing usage events
[0m16:04:23.311643 [debug] [MainThread]: An error was encountered while trying to flush usage events
[0m16:06:52.235898 [debug] [MainThread]: Sending event: {'category': 'dbt', 'action': 'invocation', 'label': 'start', 'context': [<snowplow_tracker.self_describing_json.SelfDescribingJson object at 0x00000149DB780EC0>, <snowplow_tracker.self_describing_json.SelfDescribingJson object at 0x00000149D90A4410>, <snowplow_tracker.self_describing_json.SelfDescribingJson object at 0x00000149DD9034D0>]}


============================== 16:06:52.242453 | ad4177d4-7e86-4b1d-8b4a-48d49cabb1f9 ==============================
[0m16:06:52.242453 [info ] [MainThread]: Running with dbt=1.11.8
[0m16:06:52.243094 [debug] [MainThread]: running dbt with arguments {'version_check': 'True', 'no_print': 'None', 'static_parser': 'True', 'target_path': 'None', 'warn_error_options': 'WarnErrorOptionsV2(error=[], warn=[], silence=[])', 'printer_width': '80', 'write_json': 'True', 'introspect': 'True', 'log_cache_events': 'False', 'empty': 'None', 'cache_selected_only': 'False', 'fail_fast': 'False', 'debug': 'False', 'log_format': 'default', 'partial_parse': 'True', 'send_anonymous_usage_stats': 'True', 'quiet': 'False', 'warn_error': 'None', 'profiles_dir': 'C:\\Users\\awang\\.dbt', 'invocation_command': 'dbt debug', 'indirect_selection': 'eager', 'use_colors': 'True', 'use_experimental_parser': 'False', 'log_path': 'logs'}
[0m16:06:52.254681 [info ] [MainThread]: dbt version: 1.11.8
[0m16:06:52.255285 [info ] [MainThread]: python version: 3.14.4
[0m16:06:52.255770 [info ] [MainThread]: python path: C:\Users\awang\Documents\Analytic_project\olist_ecommerce\venv\Scripts\python.exe
[0m16:06:52.256268 [info ] [MainThread]: os info: Windows-11-10.0.26200-SP0
[0m16:06:52.606230 [debug] [MainThread]: Snowflake adapter: Setting snowflake.connector to ERROR (file logging only)
[0m16:06:52.606892 [debug] [MainThread]: Snowflake adapter: Setting botocore to ERROR (file logging only)
[0m16:06:52.607179 [debug] [MainThread]: Snowflake adapter: Setting boto3 to ERROR (file logging only)
[0m16:06:52.650858 [info ] [MainThread]: Using profiles dir at C:\Users\awang\.dbt
[0m16:06:52.651514 [info ] [MainThread]: Using profiles.yml file at C:\Users\awang\.dbt\profiles.yml
[0m16:06:52.652349 [info ] [MainThread]: Using dbt_project.yml file at C:\Users\awang\Documents\Analytic_project\olist_ecommerce\dbt_project.yml
[0m16:06:52.653385 [info ] [MainThread]: adapter type: snowflake
[0m16:06:52.653806 [info ] [MainThread]: adapter version: 1.11.4
[0m16:06:52.654071 [info ] [MainThread]: Configuration:
[0m16:06:52.654404 [info ] [MainThread]:   profiles.yml file [[32mOK found and valid[0m]
[0m16:06:52.654798 [info ] [MainThread]:   dbt_project.yml file [[31mERROR not found[0m]
[0m16:06:52.655224 [info ] [MainThread]: Required dependencies:
[0m16:06:52.655562 [debug] [MainThread]: Executing "git --help"
[0m16:06:52.703632 [debug] [MainThread]: STDOUT: "b"usage: git [-v | --version] [-h | --help] [-C <path>] [-c <name>=<value>]\n           [--exec-path[=<path>]] [--html-path] [--man-path] [--info-path]\n           [-p | --paginate | -P | --no-pager] [--no-replace-objects] [--no-lazy-fetch]\n           [--no-optional-locks] [--no-advice] [--bare] [--git-dir=<path>]\n           [--work-tree=<path>] [--namespace=<name>] [--config-env=<name>=<envvar>]\n           <command> [<args>]\n\nThese are common Git commands used in various situations:\n\nstart a working area (see also: git help tutorial)\n   clone      Clone a repository into a new directory\n   init       Create an empty Git repository or reinitialize an existing one\n\nwork on the current change (see also: git help everyday)\n   add        Add file contents to the index\n   mv         Move or rename a file, a directory, or a symlink\n   restore    Restore working tree files\n   rm         Remove files from the working tree and from the index\n\nexamine the history and state (see also: git help revisions)\n   bisect     Use binary search to find the commit that introduced a bug\n   diff       Show changes between commits, commit and working tree, etc\n   grep       Print lines matching a pattern\n   log        Show commit logs\n   show       Show various types of objects\n   status     Show the working tree status\n\ngrow, mark and tweak your common history\n   backfill   Download missing objects in a partial clone\n   branch     List, create, or delete branches\n   commit     Record changes to the repository\n   merge      Join two or more development histories together\n   rebase     Reapply commits on top of another base tip\n   reset      Reset current HEAD to the specified state\n   switch     Switch branches\n   tag        Create, list, delete or verify a tag object signed with GPG\n\ncollaborate (see also: git help workflows)\n   fetch      Download objects and refs from another repository\n   pull       Fetch from and integrate with another repository or a local branch\n   push       Update remote refs along with associated objects\n\n'git help -a' and 'git help -g' list available subcommands and some\nconcept guides. See 'git help <command>' or 'git help <concept>'\nto read about a specific subcommand or concept.\nSee 'git help git' for an overview of the system.\n""
[0m16:06:52.704018 [debug] [MainThread]: STDERR: "b''"
[0m16:06:52.704300 [info ] [MainThread]:  - git [[32mOK found[0m]

[0m16:06:52.704851 [info ] [MainThread]: Connection:
[0m16:06:52.705363 [info ] [MainThread]:   account: yn44932
[0m16:06:52.705833 [info ] [MainThread]:   user: ricknabi
[0m16:06:52.706189 [info ] [MainThread]:   database: OLIST_ECOMMERCE
[0m16:06:52.706570 [info ] [MainThread]:   warehouse: COMPUTE_WH
[0m16:06:52.706929 [info ] [MainThread]:   role: ACCOUNTADMIN
[0m16:06:52.707224 [info ] [MainThread]:   schema: analytics
[0m16:06:52.707571 [info ] [MainThread]:   authenticator: None
[0m16:06:52.707917 [info ] [MainThread]:   oauth_client_id: None
[0m16:06:52.708340 [info ] [MainThread]:   query_tag: None
[0m16:06:52.708663 [info ] [MainThread]:   client_session_keep_alive: False
[0m16:06:52.709110 [info ] [MainThread]:   host: None
[0m16:06:52.709535 [info ] [MainThread]:   port: None
[0m16:06:52.709838 [info ] [MainThread]:   proxy_host: None
[0m16:06:52.710244 [info ] [MainThread]:   proxy_port: None
[0m16:06:52.710541 [info ] [MainThread]:   protocol: None
[0m16:06:52.710945 [info ] [MainThread]:   connect_retries: 1
[0m16:06:52.711256 [info ] [MainThread]:   connect_timeout: None
[0m16:06:52.711654 [info ] [MainThread]:   retry_on_database_errors: False
[0m16:06:52.711954 [info ] [MainThread]:   retry_all: False
[0m16:06:52.712345 [info ] [MainThread]:   insecure_mode: False
[0m16:06:52.712530 [info ] [MainThread]:   reuse_connections: True
[0m16:06:52.712710 [info ] [MainThread]:   s3_stage_vpce_dns_name: None
[0m16:06:52.712888 [info ] [MainThread]:   platform_detection_timeout_seconds: 0.0
[0m16:06:52.713218 [info ] [MainThread]: Registered adapter: snowflake=1.11.4
[0m16:06:52.873141 [debug] [MainThread]: Acquiring new snowflake connection 'debug'
[0m16:06:56.218843 [debug] [MainThread]: Using snowflake connection "debug"
[0m16:06:56.219113 [debug] [MainThread]: On debug: select 1 as id
[0m16:06:56.219277 [debug] [MainThread]: Opening a new connection, currently in state init
[0m16:06:56.862097 [debug] [MainThread]: Snowflake adapter: Error running SQL: select 1 as id
[0m16:06:56.862540 [debug] [MainThread]: Snowflake adapter: Rolling back transaction.
[0m16:06:56.863447 [info ] [MainThread]:   Connection test: [[31mERROR[0m]

[0m16:06:56.864240 [info ] [MainThread]: [31m2 checks failed:[0m
[0m16:06:56.864734 [info ] [MainThread]: Project loading failed for the following reason:
 project path <C:\Users\awang\Documents\Analytic_project\olist_ecommerce\dbt_project.yml> not found

[0m16:06:56.865329 [info ] [MainThread]: dbt was unable to connect to the specified database.
The database returned the following error:

  >Database Error
  290404 (08001): 404 Not Found: post yn44932.snowflakecomputing.com:443/session/v1/login-request

Check your database credentials and try again. For more information, visit:
https://docs.getdbt.com/docs/configure-your-profile


[0m16:06:56.866360 [debug] [MainThread]: Command `dbt debug` failed at 16:06:56.866192 after 4.78 seconds
[0m16:06:56.866926 [debug] [MainThread]: Connection 'debug' was left open.
[0m16:06:56.867292 [debug] [MainThread]: On debug: No close available on handle
[0m16:06:56.867607 [debug] [MainThread]: Sending event: {'category': 'dbt', 'action': 'invocation', 'label': 'end', 'context': [<snowplow_tracker.self_describing_json.SelfDescribingJson object at 0x00000149DF970050>, <snowplow_tracker.self_describing_json.SelfDescribingJson object at 0x00000149DF43D5B0>, <snowplow_tracker.self_describing_json.SelfDescribingJson object at 0x00000149DB52BDF0>]}
[0m16:06:56.867922 [debug] [MainThread]: Flushing usage events
[0m16:06:57.307431 [debug] [MainThread]: An error was encountered while trying to flush usage events
[0m09:06:19.666133 [debug] [MainThread]: Sending event: {'category': 'dbt', 'action': 'invocation', 'label': 'start', 'context': [<snowplow_tracker.self_describing_json.SelfDescribingJson object at 0x00000224FFAEC980>, <snowplow_tracker.self_describing_json.SelfDescribingJson object at 0x00000224FD242FD0>, <snowplow_tracker.self_describing_json.SelfDescribingJson object at 0x00000224FD2434D0>]}


============================== 09:06:19.673056 | c0b4f8cc-1c91-4f4f-bfdf-1ee30e0cd761 ==============================
[0m09:06:19.673056 [info ] [MainThread]: Running with dbt=1.11.8
[0m09:06:19.673430 [debug] [MainThread]: running dbt with arguments {'static_parser': 'True', 'no_print': 'None', 'version_check': 'True', 'target_path': 'None', 'warn_error_options': 'WarnErrorOptionsV2(error=[], warn=[], silence=[])', 'printer_width': '80', 'write_json': 'True', 'empty': 'False', 'log_cache_events': 'False', 'introspect': 'True', 'cache_selected_only': 'False', 'fail_fast': 'False', 'debug': 'False', 'log_format': 'default', 'profiles_dir': 'C:\\Users\\awang\\.dbt', 'send_anonymous_usage_stats': 'True', 'quiet': 'False', 'warn_error': 'None', 'partial_parse': 'True', 'invocation_command': 'dbt run --select staging', 'indirect_selection': 'eager', 'use_colors': 'True', 'use_experimental_parser': 'False', 'log_path': 'logs'}
[0m09:06:19.673721 [error] [MainThread]: Encountered an error:
Runtime Error
  No dbt_project.yml found at expected path C:\Users\awang\Documents\Analytic_project\olist_ecommerce\dbt_project.yml
  Verify that each entry within packages.yml (and their transitive dependencies) contains a file named dbt_project.yml
  
[0m09:06:19.674152 [debug] [MainThread]: Command `dbt run` failed at 09:06:19.674079 after 0.12 seconds
[0m09:06:19.674396 [debug] [MainThread]: Sending event: {'category': 'dbt', 'action': 'invocation', 'label': 'end', 'context': [<snowplow_tracker.self_describing_json.SelfDescribingJson object at 0x0000022481C83BB0>, <snowplow_tracker.self_describing_json.SelfDescribingJson object at 0x0000022481E6B0B0>, <snowplow_tracker.self_describing_json.SelfDescribingJson object at 0x0000022481DECF30>]}
[0m09:06:19.674766 [debug] [MainThread]: Flushing usage events
[0m09:06:20.101503 [debug] [MainThread]: An error was encountered while trying to flush usage events
